<?xml version="1.0" encoding="UTF-8"?>
<urlset xmlns="http://www.sitemaps.org/schemas/sitemap/0.9" xmlns:news="http://www.google.com/schemas/sitemap-news/0.9">
  <url>
    <loc></loc>
    <news:news>
      <news:publication>
        <news:name>Unnamed Publication</news:name>
        <news:language>en</news:language>
      </news:publication>
      <news:publication_date><DATE></news:publication_date>
      <news:title>Untitled Article</news:title>
    </news:news>
  </url>
</urlset>
