{
  "background_color": "#ffffff",
  "description": "An accessibility journal: WCAG, EAA, and inclusive design writing for product teams.",
  "display": "standalone",
  "name": "Threshold",
  "orientation": "portrait-primary",
  "scope": "/",
  "short_name": "kaishi",
  "start_url": ".",
  "theme_color": "#ffffff"
}
