{
  "background_color": "#ffffff",
  "description": "Showcase for nested-locale content trees (staticdatagen #70 /...",
  "display": "standalone",
  "name": "multilingual_full example",
  "orientation": "portrait-primary",
  "scope": "/",
  "short_name": "",
  "start_url": ".",
  "theme_color": "#ffffff"
}
