<?xml version="1.0" encoding="utf-8"?><rss version="2.0" xmlns:atom="http://www.w3.org/2005/Atom"><channel><title>multilingual_full example</title><link>https://example.invalid/</link><description>Showcase for nested-locale content trees (staticdatagen #70 / v0.0.10)</description><language>en</language><item></item></channel></rss>
