{
  "background_color": "#ffffff",
  "description": "Developer reference walking through every stage of the SSG plugin pipeline.",
  "display": "standalone",
  "name": "Plugin Pipeline",
  "orientation": "portrait-primary",
  "scope": "/",
  "short_name": "kaishi",
  "start_url": ".",
  "theme_color": "#ffffff"
}
